2026-10-02T01:01:18.2442139Z Current runner version: '2.337.0'
2026-10-02T01:01:18.2464473Z ##[group]Runner Image Provisioner
2026-10-02T01:01:18.2465178Z Hosted Compute Agent
2026-10-02T01:01:18.2465746Z Version: 20260901.588
2026-10-02T01:01:18.2466266Z Commit: f88ec8081b781fac6c440065ac7ff9e710ce3d0b
2026-10-02T01:01:18.2466884Z Build Date: 2026-09-01T19:56:44Z
2026-10-02T01:01:18.2467484Z Worker ID: {fa2e09df-190a-4710-9ecc-17093ce7a840}
2026-10-02T01:01:18.2468063Z Azure Region: westus3
2026-10-02T01:01:18.2468582Z ##[endgroup]
2026-10-02T01:01:18.2469853Z ##[group]Operating System
2026-10-02T01:01:18.2470412Z Ubuntu
2026-10-02T01:01:18.2470885Z 24.04.5
2026-10-02T01:01:18.2471310Z LTS
2026-10-02T01:01:18.2471780Z ##[endgroup]
2026-10-02T01:01:18.2472237Z ##[group]Runner Image
2026-10-02T01:01:18.2472716Z Image: ubuntu-24.04
2026-10-02T01:01:18.2473265Z Version: 20260927.320.1
2026-10-02T01:01:18.2474285Z Included Software: https://github.com/actions/runner-images/blob/ubuntu24/20260927.320/images/ubuntu/Ubuntu2404-Readme.md
2026-10-02T01:01:18.2475579Z Image Release: https://github.com/actions/runner-images/releases/tag/ubuntu24%2F20260927.320
2026-10-02T01:01:18.2476351Z ##[endgroup]
2026-10-02T01:01:18.2477348Z ##[group]GITHUB_TOKEN Permissions
2026-10-02T01:01:18.2478842Z Contents: read
2026-10-02T01:01:18.2479768Z Metadata: read
2026-10-02T01:01:18.2480269Z ##[endgroup]
2026-10-02T01:01:18.2482165Z Secret source: Actions
2026-10-02T01:01:18.2482914Z Cache mode: write
2026-10-02T01:01:18.2483510Z Prepare workflow directory
2026-10-02T01:01:18.3293729Z Prepare all required actions
2026-10-02T01:01:18.3336349Z Getting action download info
2026-10-02T01:01:18.6605768Z Download action repository 'actions/checkout@v4' (SHA:11d5960a326750d5838078e36cf38b85af677262)
2026-10-02T01:01:18.8702163Z Download action repository 'actions/setup-python@v5' (SHA:a26af69be951a213d495a4c3e4e4022e16d87065)
2026-10-02T01:01:18.9921511Z Download action repository 'actions/upload-artifact@v4' (SHA:ea165f8d65b6e75b540449e92b4886f43607fa02)
2026-10-02T01:01:19.2261287Z Complete job name: native-contract
2026-10-02T01:01:19.2914734Z ##[group]Run actions/checkout@v4
2026-10-02T01:01:19.2915436Z with:
2026-10-02T01:01:19.2915828Z   ref: 5069dec55cc5f1aa46d307c8cb5a7a9b75ac9c88
2026-10-02T01:01:19.2916325Z   repository: AMASI-SA/AMASI-SA
2026-10-02T01:01:19.2919807Z   token: ***
2026-10-02T01:01:19.2920176Z   ssh-strict: true
2026-10-02T01:01:19.2920551Z   ssh-user: git
2026-10-02T01:01:19.2920917Z   persist-credentials: true
2026-10-02T01:01:19.2921315Z   clean: true
2026-10-02T01:01:19.2921676Z   sparse-checkout-cone-mode: true
2026-10-02T01:01:19.2922094Z   fetch-depth: 1
2026-10-02T01:01:19.2922434Z   fetch-tags: false
2026-10-02T01:01:19.2922787Z   show-progress: true
2026-10-02T01:01:19.2923167Z   lfs: false
2026-10-02T01:01:19.2923516Z   submodules: false
2026-10-02T01:01:19.2923876Z   set-safe-directory: true
2026-10-02T01:01:19.2924280Z   allow-unsafe-pr-checkout: false
2026-10-02T01:01:19.2924886Z env:
2026-10-02T01:01:19.2925237Z   PYTHONPATH: backend:backend/tests
2026-10-02T01:01:19.2925750Z   PYTHON_DOTENV_DISABLED: 1
2026-10-02T01:01:19.2926265Z   MZ2_TEST_MONGO_URI: mongodb://127.0.0.1:27369/?replicaSet=mz2trackf
2026-10-02T01:01:19.2926811Z ##[endgroup]
2026-10-02T01:01:19.3765688Z Syncing repository: AMASI-SA/AMASI-SA
2026-10-02T01:01:19.3768033Z ##[group]Getting Git version info
2026-10-02T01:01:19.3768934Z Working directory is '/home/runner/work/AMASI-SA/AMASI-SA'
2026-10-02T01:01:19.3770599Z [command]/usr/bin/git version
2026-10-02T01:01:19.3836948Z git version 2.55.0
2026-10-02T01:01:19.3858315Z ##[endgroup]
2026-10-02T01:01:19.3870729Z Temporarily overriding HOME='/home/runner/work/_temp/786dbfff-3863-4ebc-8363-5bcfc1fd30a1' before making global git config changes
2026-10-02T01:01:19.3872593Z Adding repository directory to the temporary git global config as a safe directory
2026-10-02T01:01:19.3875664Z [command]/usr/bin/git config --global --add safe.directory /home/runner/work/AMASI-SA/AMASI-SA
2026-10-02T01:01:19.3931199Z Deleting the contents of '/home/runner/work/AMASI-SA/AMASI-SA'
2026-10-02T01:01:19.3933177Z ##[group]Initializing the repository
2026-10-02T01:01:19.3934080Z [command]/usr/bin/git init /home/runner/work/AMASI-SA/AMASI-SA
2026-10-02T01:01:19.4034275Z hint: Using 'master' as the name for the initial branch. This default branch name
2026-10-02T01:01:19.4036012Z hint: will change to "main" in Git 3.0. To configure the initial branch name
2026-10-02T01:01:19.4037336Z hint: to use in all of your new repositories, which will suppress this warning,
2026-10-02T01:01:19.4038473Z hint: call:
2026-10-02T01:01:19.4039157Z hint:
2026-10-02T01:01:19.4040167Z hint: 	git config --global init.defaultBranch <name>
2026-10-02T01:01:19.4041079Z hint:
2026-10-02T01:01:19.4041949Z hint: Names commonly chosen instead of 'master' are 'main', 'trunk' and
2026-10-02T01:01:19.4043292Z hint: 'development'. The just-created branch can be renamed via this command:
2026-10-02T01:01:19.4044395Z hint:
2026-10-02T01:01:19.4045065Z hint: 	git branch -m <name>
2026-10-02T01:01:19.4045924Z hint:
2026-10-02T01:01:19.4046913Z hint: Disable this message with "git config set advice.defaultBranchName false"
2026-10-02T01:01:19.4048586Z Initialized empty Git repository in /home/runner/work/AMASI-SA/AMASI-SA/.git/
2026-10-02T01:01:19.4051759Z [command]/usr/bin/git remote add origin https://github.com/AMASI-SA/AMASI-SA
2026-10-02T01:01:19.4094533Z ##[endgroup]
2026-10-02T01:01:19.4095495Z ##[group]Disabling automatic garbage collection
2026-10-02T01:01:19.4098178Z [command]/usr/bin/git config --local gc.auto 0
2026-10-02T01:01:19.4141512Z ##[endgroup]
2026-10-02T01:01:19.4142970Z ##[group]Setting up auth
2026-10-02T01:01:19.4144331Z [command]/usr/bin/git config --local --name-only --get-regexp core\.sshCommand
2026-10-02T01:01:19.4172028Z [command]/usr/bin/git submodule foreach --recursive sh -c "git config --local --name-only --get-regexp 'core\.sshCommand' && git config --local --unset-all 'core.sshCommand' || :"
2026-10-02T01:01:19.4505645Z [command]/usr/bin/git config --local --name-only --get-regexp http\.https\:\/\/github\.com\/\.extraheader
2026-10-02T01:01:19.4535727Z [command]/usr/bin/git submodule foreach --recursive sh -c "git config --local --name-only --get-regexp 'http\.https\:\/\/github\.com\/\.extraheader' && git config --local --unset-all 'http.https://github.com/.extraheader' || :"
2026-10-02T01:01:19.4731747Z [command]/usr/bin/git config --local --name-only --get-regexp ^includeIf\.gitdir:
2026-10-02T01:01:19.4762484Z [command]/usr/bin/git submodule foreach --recursive git config --local --show-origin --name-only --get-regexp remote.origin.url
2026-10-02T01:01:19.4960971Z [command]/usr/bin/git config --local http.https://github.com/.extraheader AUTHORIZATION: basic ***
2026-10-02T01:01:19.4999105Z ##[endgroup]
2026-10-02T01:01:19.5000621Z ##[group]Fetching the repository
2026-10-02T01:01:19.5006722Z [command]/usr/bin/git -c protocol.version=2 fetch --no-tags --prune --no-recurse-submodules --depth=1 origin 5069dec55cc5f1aa46d307c8cb5a7a9b75ac9c88
2026-10-02T01:01:22.1760714Z From https://github.com/AMASI-SA/AMASI-SA
2026-10-02T01:01:22.1761486Z  * branch            5069dec55cc5f1aa46d307c8cb5a7a9b75ac9c88 -> FETCH_HEAD
2026-10-02T01:01:22.1770391Z ##[endgroup]
2026-10-02T01:01:22.1771069Z ##[group]Determining the checkout info
2026-10-02T01:01:22.1771674Z ##[endgroup]
2026-10-02T01:01:22.1773740Z [command]/usr/bin/git sparse-checkout disable
2026-10-02T01:01:22.1827371Z [command]/usr/bin/git config --local --unset-all extensions.worktreeConfig
2026-10-02T01:01:22.1860975Z ##[group]Checking out the ref
2026-10-02T01:01:22.1865272Z [command]/usr/bin/git checkout --progress --force 5069dec55cc5f1aa46d307c8cb5a7a9b75ac9c88
2026-10-02T01:01:22.4668317Z Note: switching to '5069dec55cc5f1aa46d307c8cb5a7a9b75ac9c88'.
2026-10-02T01:01:22.4668808Z 
2026-10-02T01:01:22.4669080Z You are in 'detached HEAD' state. You can look around, make experimental
2026-10-02T01:01:22.4669932Z changes and commit them, and you can discard any commits you make in this
2026-10-02T01:01:22.4670624Z state without impacting any branches by switching back to a branch.
2026-10-02T01:01:22.4671298Z 
2026-10-02T01:01:22.4671565Z If you want to create a new branch to retain commits you create, you may
2026-10-02T01:01:22.4672188Z do so (now or later) by using -c with the switch command. Example:
2026-10-02T01:01:22.4672672Z 
2026-10-02T01:01:22.4672813Z   git switch -c <new-branch-name>
2026-10-02T01:01:22.4673067Z 
2026-10-02T01:01:22.4673211Z Or undo this operation with:
2026-10-02T01:01:22.4673441Z 
2026-10-02T01:01:22.4673549Z   git switch -
2026-10-02T01:01:22.4673745Z 
2026-10-02T01:01:22.4674029Z Turn off this advice by setting config variable advice.detachedHead to false
2026-10-02T01:01:22.4674430Z 
2026-10-02T01:01:22.4674768Z HEAD is now at 5069dec test(mz2): preserve UTF8 fixtures and prepare isolated full verification
2026-10-02T01:01:22.4685186Z ##[endgroup]
2026-10-02T01:01:22.4728246Z [command]/usr/bin/git log -1 --format=%H
2026-10-02T01:01:22.4752032Z 5069dec55cc5f1aa46d307c8cb5a7a9b75ac9c88
2026-10-02T01:01:22.5035160Z ##[group]Run actions/setup-python@v5
2026-10-02T01:01:22.5035420Z with:
2026-10-02T01:01:22.5035606Z   python-version: 3.12
2026-10-02T01:01:22.5035803Z   check-latest: false
2026-10-02T01:01:22.5037965Z   token: ***
2026-10-02T01:01:22.5038155Z   update-environment: true
2026-10-02T01:01:22.5038363Z   allow-prereleases: false
2026-10-02T01:01:22.5038597Z   freethreaded: false
2026-10-02T01:01:22.5038776Z env:
2026-10-02T01:01:22.5038949Z   PYTHONPATH: backend:backend/tests
2026-10-02T01:01:22.5039367Z   PYTHON_DOTENV_DISABLED: 1
2026-10-02T01:01:22.5039691Z   MZ2_TEST_MONGO_URI: mongodb://127.0.0.1:27369/?replicaSet=mz2trackf
2026-10-02T01:01:22.5039993Z ##[endgroup]
2026-10-02T01:01:22.6097549Z ##[group]Installed versions
2026-10-02T01:01:22.6168723Z (node:2075) [DEP0040] DeprecationWarning: The `punycode` module is deprecated. Please use a userland alternative instead.
2026-10-02T01:01:22.6169672Z (Use `node --trace-deprecation ...` to show where the warning was created)
2026-10-02T01:01:22.6170326Z Successfully set up CPython (3.12.14)
2026-10-02T01:01:22.6170738Z ##[endgroup]
2026-10-02T01:01:22.6334355Z ##[group]Run python -m pip install fastapi==0.141.1 pydantic==2.13.5 pymongo==4.18.1 motor==3.7.1 pytest==9.0.3 pytest-asyncio==1.3.0 httpx==0.28.1 bcrypt==4.1.3 PyJWT==2.13.0 openpyxl==3.1.5 python-multipart==0.0.20 python-dotenv==1.2.3 cryptography==50.0.0 mongomock-motor==0.0.36 email-validator==2.3.0 tzdata reportlab pillow qrcode arabic-reshaper python-bidi requests
2026-10-02T01:01:22.6337555Z [36;1mpython -m pip install fastapi==0.141.1 pydantic==2.13.5 pymongo==4.18.1 motor==3.7.1 pytest==9.0.3 pytest-asyncio==1.3.0 httpx==0.28.1 bcrypt==4.1.3 PyJWT==2.13.0 openpyxl==3.1.5 python-multipart==0.0.20 python-dotenv==1.2.3 cryptography==50.0.0 mongomock-motor==0.0.36 email-validator==2.3.0 tzdata reportlab pillow qrcode arabic-reshaper python-bidi requests[0m
2026-10-02T01:01:22.6610643Z shell: /usr/bin/bash -e {0}
2026-10-02T01:01:22.6610925Z env:
2026-10-02T01:01:22.6611156Z   PYTHONPATH: backend:backend/tests
2026-10-02T01:01:22.6611391Z   PYTHON_DOTENV_DISABLED: 1
2026-10-02T01:01:22.6611749Z   MZ2_TEST_MONGO_URI: mongodb://127.0.0.1:27369/?replicaSet=mz2trackf
2026-10-02T01:01:22.6612113Z   pythonLocation: /opt/hostedtoolcache/Python/3.12.14/x64
2026-10-02T01:01:22.6612455Z   PKG_CONFIG_PATH: /opt/hostedtoolcache/Python/3.12.14/x64/lib/pkgconfig
2026-10-02T01:01:22.6612789Z   Python_ROOT_DIR: /opt/hostedtoolcache/Python/3.12.14/x64
2026-10-02T01:01:22.6613087Z   Python2_ROOT_DIR: /opt/hostedtoolcache/Python/3.12.14/x64
2026-10-02T01:01:22.6613394Z   Python3_ROOT_DIR: /opt/hostedtoolcache/Python/3.12.14/x64
2026-10-02T01:01:22.6613701Z   LD_LIBRARY_PATH: /opt/hostedtoolcache/Python/3.12.14/x64/lib
2026-10-02T01:01:22.6613981Z ##[endgroup]
2026-10-02T01:01:23.4734914Z Collecting fastapi==0.141.1
2026-10-02T01:01:23.5129405Z   Downloading fastapi-0.141.1-py3-none-any.whl.metadata (27 kB)
2026-10-02T01:01:23.6292205Z Collecting pydantic==2.13.5
2026-10-02T01:01:23.6325035Z   Downloading pydantic-2.13.5-py3-none-any.whl.metadata (110 kB)
2026-10-02T01:01:23.9259100Z Collecting pymongo==4.18.1
2026-10-02T01:01:23.9303297Z   Downloading pymongo-4.18.1-cp312-cp312-manylinux2014_x86_64.manylinux_2_17_x86_64.manylinux_2_28_x86_64.whl.metadata (10 kB)
2026-10-02T01:01:23.9514625Z Collecting motor==3.7.1
2026-10-02T01:01:23.9546528Z   Downloading motor-3.7.1-py3-none-any.whl.metadata (21 kB)
2026-10-02T01:01:23.9850517Z Collecting pytest==9.0.3
2026-10-02T01:01:23.9886458Z   Downloading pytest-9.0.3-py3-none-any.whl.metadata (7.6 kB)
2026-10-02T01:01:24.0099121Z Collecting pytest-asyncio==1.3.0
2026-10-02T01:01:24.0129885Z   Downloading pytest_asyncio-1.3.0-py3-none-any.whl.metadata (4.1 kB)
2026-10-02T01:01:24.0334226Z Collecting httpx==0.28.1
2026-10-02T01:01:24.0365599Z   Downloading httpx-0.28.1-py3-none-any.whl.metadata (7.1 kB)
2026-10-02T01:01:24.0726653Z Collecting bcrypt==4.1.3
2026-10-02T01:01:24.0773799Z   Downloading bcrypt-4.1.3-cp39-abi3-manylinux_2_28_x86_64.whl.metadata (9.5 kB)
2026-10-02T01:01:24.1013660Z Collecting PyJWT==2.13.0
2026-10-02T01:01:24.1046485Z   Downloading pyjwt-2.13.0-py3-none-any.whl.metadata (3.4 kB)
2026-10-02T01:01:24.1238786Z Collecting openpyxl==3.1.5
2026-10-02T01:01:24.1272788Z   Downloading openpyxl-3.1.5-py2.py3-none-any.whl.metadata (2.5 kB)
2026-10-02T01:01:24.1459940Z Collecting python-multipart==0.0.20
2026-10-02T01:01:24.1488033Z   Downloading python_multipart-0.0.20-py3-none-any.whl.metadata (1.8 kB)
2026-10-02T01:01:24.1671651Z Collecting python-dotenv==1.2.3
2026-10-02T01:01:24.1702624Z   Downloading python_dotenv-1.2.3-py3-none-any.whl.metadata (29 kB)
2026-10-02T01:01:24.3218541Z Collecting cryptography==50.0.0
2026-10-02T01:01:24.3256153Z   Downloading cryptography-50.0.0-cp311-abi3-manylinux_2_34_x86_64.whl.metadata (4.3 kB)
2026-10-02T01:01:24.3448257Z Collecting mongomock-motor==0.0.36
2026-10-02T01:01:24.3669034Z   Downloading mongomock_motor-0.0.36-py3-none-any.whl.metadata (2.0 kB)
2026-10-02T01:01:24.3847892Z Collecting email-validator==2.3.0
2026-10-02T01:01:24.3877465Z   Downloading email_validator-2.3.0-py3-none-any.whl.metadata (26 kB)
2026-10-02T01:01:24.4070090Z Collecting tzdata
2026-10-02T01:01:24.4101647Z   Downloading tzdata-2026.4-py2.py3-none-any.whl.metadata (1.4 kB)
2026-10-02T01:01:24.5215571Z Collecting reportlab
2026-10-02T01:01:24.5249547Z   Downloading reportlab-5.0.1-py3-none-any.whl.metadata (1.6 kB)
2026-10-02T01:01:24.6632954Z Collecting pillow
2026-10-02T01:01:24.6666375Z   Downloading pillow-12.3.0-cp312-cp312-manylinux_2_27_x86_64.manylinux_2_28_x86_64.whl.metadata (9.1 kB)
2026-10-02T01:01:24.6858701Z Collecting qrcode
2026-10-02T01:01:24.6890552Z   Downloading qrcode-8.2-py3-none-any.whl.metadata (17 kB)
2026-10-02T01:01:24.7088244Z Collecting arabic-reshaper
2026-10-02T01:01:24.7120725Z   Downloading arabic_reshaper-3.0.1-py3-none-any.whl.metadata (13 kB)
2026-10-02T01:01:24.7838081Z Collecting python-bidi
2026-10-02T01:01:24.7879572Z   Downloading python_bidi-0.6.11-cp312-cp312-manylinux_2_17_x86_64.manylinux2014_x86_64.whl.metadata (5.3 kB)
2026-10-02T01:01:24.8141980Z Collecting requests
2026-10-02T01:01:24.8173109Z   Downloading requests-2.34.2-py3-none-any.whl.metadata (4.8 kB)
2026-10-02T01:01:24.8435080Z Collecting starlette>=0.46.0 (from fastapi==0.141.1)
2026-10-02T01:01:24.8467070Z   Downloading starlette-1.7.0-py3-none-any.whl.metadata (6.6 kB)
2026-10-02T01:01:24.8689007Z Collecting typing-extensions>=4.8.0 (from fastapi==0.141.1)
2026-10-02T01:01:24.8720689Z   Downloading typing_extensions-4.16.0-py3-none-any.whl.metadata (3.3 kB)
2026-10-02T01:01:24.8888815Z Collecting typing-inspection>=0.4.2 (from fastapi==0.141.1)
2026-10-02T01:01:24.8922569Z   Downloading typing_inspection-0.4.4-py3-none-any.whl.metadata (2.6 kB)
2026-10-02T01:01:24.9082263Z Collecting annotated-doc>=0.0.2 (from fastapi==0.141.1)
2026-10-02T01:01:24.9110332Z   Downloading annotated_doc-0.0.5-py3-none-any.whl.metadata (6.5 kB)
2026-10-02T01:01:24.9290179Z Collecting annotated-types>=0.6.0 (from pydantic==2.13.5)
2026-10-02T01:01:24.9320666Z   Downloading annotated_types-0.8.0-py3-none-any.whl.metadata (15 kB)
2026-10-02T01:01:25.4747086Z Collecting pydantic-core==2.46.5 (from pydantic==2.13.5)
2026-10-02T01:01:25.4780176Z   Downloading pydantic_core-2.46.5-cp312-cp312-manylinux_2_17_x86_64.manylinux2014_x86_64.whl.metadata (6.6 kB)
2026-10-02T01:01:25.4973493Z Collecting dnspython<3.0.0,>=2.7.0 (from pymongo==4.18.1)
2026-10-02T01:01:25.5002901Z   Downloading dnspython-2.8.0-py3-none-any.whl.metadata (5.7 kB)
2026-10-02T01:01:25.5223241Z Collecting iniconfig>=1.0.1 (from pytest==9.0.3)
2026-10-02T01:01:25.5254553Z   Downloading iniconfig-2.3.0-py3-none-any.whl.metadata (2.5 kB)
2026-10-02T01:01:25.5479523Z Collecting packaging>=22 (from pytest==9.0.3)
2026-10-02T01:01:25.5509674Z   Downloading packaging-26.3-py3-none-any.whl.metadata (3.5 kB)
2026-10-02T01:01:25.5689477Z Collecting pluggy<2,>=1.5 (from pytest==9.0.3)
2026-10-02T01:01:25.5736804Z   Downloading pluggy-1.6.0-py3-none-any.whl.metadata (4.8 kB)
2026-10-02T01:01:25.8572173Z Collecting pygments>=2.7.2 (from pytest==9.0.3)
2026-10-02T01:01:25.8603247Z   Downloading pygments-2.21.0-py3-none-any.whl.metadata (2.5 kB)
2026-10-02T01:01:25.9028303Z Collecting anyio (from httpx==0.28.1)
2026-10-02T01:01:25.9059093Z   Downloading anyio-4.15.1-py3-none-any.whl.metadata (4.7 kB)
2026-10-02T01:01:25.9274106Z Collecting certifi (from httpx==0.28.1)
2026-10-02T01:01:25.9306141Z   Downloading certifi-2026.7.22-py3-none-any.whl.metadata (2.5 kB)
2026-10-02T01:01:25.9500158Z Collecting httpcore==1.* (from httpx==0.28.1)
2026-10-02T01:01:25.9534090Z   Downloading httpcore-1.0.9-py3-none-any.whl.metadata (21 kB)
2026-10-02T01:01:25.9736676Z Collecting idna (from httpx==0.28.1)
2026-10-02T01:01:25.9767602Z   Downloading idna-3.20-py3-none-any.whl.metadata (7.2 kB)
2026-10-02T01:01:25.9945853Z Collecting et-xmlfile (from openpyxl==3.1.5)
2026-10-02T01:01:25.9976013Z   Downloading et_xmlfile-2.0.0-py3-none-any.whl.metadata (2.7 kB)
2026-10-02T01:01:26.0825043Z Collecting cffi>=2.0.0 (from cryptography==50.0.0)
2026-10-02T01:01:26.0856717Z   Downloading cffi-2.1.1-cp312-cp312-manylinux2014_x86_64.manylinux_2_17_x86_64.whl.metadata (2.5 kB)
2026-10-02T01:01:26.1172428Z Collecting mongomock<5.0.0,>=4.1.2 (from mongomock-motor==0.0.36)
2026-10-02T01:01:26.1204620Z   Downloading mongomock-4.3.0-py2.py3-none-any.whl.metadata (12 kB)
2026-10-02T01:01:26.1415860Z Collecting h11>=0.16 (from httpcore==1.*->httpx==0.28.1)
2026-10-02T01:01:26.1447345Z   Downloading h11-0.16.0-py3-none-any.whl.metadata (8.3 kB)
2026-10-02T01:01:26.1797876Z Collecting pytz (from mongomock<5.0.0,>=4.1.2->mongomock-motor==0.0.36)
2026-10-02T01:01:26.1827943Z   Downloading pytz-2026.4-py2.py3-none-any.whl.metadata (22 kB)
2026-10-02T01:01:26.2011435Z Collecting sentinels (from mongomock<5.0.0,>=4.1.2->mongomock-motor==0.0.36)
2026-10-02T01:01:26.2040039Z   Downloading sentinels-1.1.1-py3-none-any.whl.metadata (3.0 kB)
2026-10-02T01:01:26.3065930Z Collecting charset-normalizer (from reportlab)
2026-10-02T01:01:26.3102221Z   Downloading charset_normalizer-3.5.2-cp312-cp312-manylinux2014_x86_64.manylinux_2_17_x86_64.manylinux_2_28_x86_64.whl.metadata (46 kB)
2026-10-02T01:01:26.3801705Z Collecting urllib3<3,>=1.26 (from requests)
2026-10-02T01:01:26.3831752Z   Downloading urllib3-2.8.0-py3-none-any.whl.metadata (7.4 kB)
2026-10-02T01:01:26.4040814Z Collecting pycparser (from cffi>=2.0.0->cryptography==50.0.0)
2026-10-02T01:01:26.4068839Z   Downloading pycparser-3.0-py3-none-any.whl.metadata (8.2 kB)
2026-10-02T01:01:26.4217779Z Downloading fastapi-0.141.1-py3-none-any.whl (131 kB)
2026-10-02T01:01:26.4305555Z Downloading pydantic-2.13.5-py3-none-any.whl (472 kB)
2026-10-02T01:01:26.4501292Z Downloading pymongo-4.18.1-cp312-cp312-manylinux2014_x86_64.manylinux_2_17_x86_64.manylinux_2_28_x86_64.whl (1.0 MB)
2026-10-02T01:01:26.4812989Z    ━━━━━━━━━━━━━━━━━━━━━━━━━━━━━━━━━━━━━━━━ 1.0/1.0 MB 38.1 MB/s  0:00:00
2026-10-02T01:01:26.4845579Z Downloading motor-3.7.1-py3-none-any.whl (74 kB)
2026-10-02T01:01:26.4906248Z Downloading pytest-9.0.3-py3-none-any.whl (375 kB)
2026-10-02T01:01:26.5025663Z Downloading pytest_asyncio-1.3.0-py3-none-any.whl (15 kB)
2026-10-02T01:01:26.5070432Z Downloading httpx-0.28.1-py3-none-any.whl (73 kB)
2026-10-02T01:01:26.5130574Z Downloading bcrypt-4.1.3-cp39-abi3-manylinux_2_28_x86_64.whl (283 kB)
2026-10-02T01:01:26.5323200Z Downloading pyjwt-2.13.0-py3-none-any.whl (31 kB)
2026-10-02T01:01:26.5368475Z Downloading openpyxl-3.1.5-py2.py3-none-any.whl (250 kB)
2026-10-02T01:01:26.5451427Z Downloading python_multipart-0.0.20-py3-none-any.whl (24 kB)
2026-10-02T01:01:26.5498873Z Downloading python_dotenv-1.2.3-py3-none-any.whl (22 kB)
2026-10-02T01:01:26.5552328Z Downloading cryptography-50.0.0-cp311-abi3-manylinux_2_34_x86_64.whl (4.7 MB)
2026-10-02T01:01:26.6495829Z    ━━━━━━━━━━━━━━━━━━━━━━━━━━━━━━━━━━━━━━━━ 4.7/4.7 MB 50.5 MB/s  0:00:00
2026-10-02T01:01:26.6529594Z Downloading mongomock_motor-0.0.36-py3-none-any.whl (7.3 kB)
2026-10-02T01:01:26.6574812Z Downloading email_validator-2.3.0-py3-none-any.whl (35 kB)
2026-10-02T01:01:26.6620595Z Downloading pydantic_core-2.46.5-cp312-cp312-manylinux_2_17_x86_64.manylinux2014_x86_64.whl (2.1 MB)
2026-10-02T01:01:26.6986488Z    ━━━━━━━━━━━━━━━━━━━━━━━━━━━━━━━━━━━━━━━━ 2.1/2.1 MB 56.0 MB/s  0:00:00
2026-10-02T01:01:26.7017175Z Downloading dnspython-2.8.0-py3-none-any.whl (331 kB)
2026-10-02T01:01:26.7095038Z Downloading httpcore-1.0.9-py3-none-any.whl (78 kB)
2026-10-02T01:01:26.7144341Z Downloading mongomock-4.3.0-py2.py3-none-any.whl (64 kB)
2026-10-02T01:01:26.7189429Z Downloading pluggy-1.6.0-py3-none-any.whl (20 kB)
2026-10-02T01:01:26.7235042Z Downloading tzdata-2026.4-py2.py3-none-any.whl (347 kB)
2026-10-02T01:01:26.7512916Z Downloading reportlab-5.0.1-py3-none-any.whl (2.0 MB)
2026-10-02T01:01:26.7781346Z    ━━━━━━━━━━━━━━━━━━━━━━━━━━━━━━━━━━━━━━━━ 2.0/2.0 MB 74.5 MB/s  0:00:00
2026-10-02T01:01:26.7811721Z Downloading pillow-12.3.0-cp312-cp312-manylinux_2_27_x86_64.manylinux_2_28_x86_64.whl (6.9 MB)
2026-10-02T01:01:26.8859497Z    ━━━━━━━━━━━━━━━━━━━━━━━━━━━━━━━━━━━━━━━━ 6.9/6.9 MB 66.9 MB/s  0:00:00
2026-10-02T01:01:26.8889340Z Downloading qrcode-8.2-py3-none-any.whl (45 kB)
2026-10-02T01:01:26.8935596Z Downloading arabic_reshaper-3.0.1-py3-none-any.whl (20 kB)
2026-10-02T01:01:26.8995991Z Downloading python_bidi-0.6.11-cp312-cp312-manylinux_2_17_x86_64.manylinux2014_x86_64.whl (296 kB)
2026-10-02T01:01:26.9068508Z Downloading requests-2.34.2-py3-none-any.whl (73 kB)
2026-10-02T01:01:26.9128572Z Downloading charset_normalizer-3.5.2-cp312-cp312-manylinux2014_x86_64.manylinux_2_17_x86_64.manylinux_2_28_x86_64.whl (257 kB)
2026-10-02T01:01:26.9195205Z Downloading idna-3.20-py3-none-any.whl (69 kB)
2026-10-02T01:01:26.9240982Z Downloading urllib3-2.8.0-py3-none-any.whl (135 kB)
2026-10-02T01:01:26.9286075Z Downloading annotated_doc-0.0.5-py3-none-any.whl (5.3 kB)
2026-10-02T01:01:26.9339564Z Downloading annotated_types-0.8.0-py3-none-any.whl (13 kB)
2026-10-02T01:01:26.9384494Z Downloading certifi-2026.7.22-py3-none-any.whl (136 kB)
2026-10-02T01:01:26.9433006Z Downloading cffi-2.1.1-cp312-cp312-manylinux2014_x86_64.manylinux_2_17_x86_64.whl (221 kB)
2026-10-02T01:01:26.9668815Z Downloading h11-0.16.0-py3-none-any.whl (37 kB)
2026-10-02T01:01:26.9712668Z Downloading iniconfig-2.3.0-py3-none-any.whl (7.5 kB)
2026-10-02T01:01:26.9764023Z Downloading packaging-26.3-py3-none-any.whl (129 kB)
2026-10-02T01:01:26.9812957Z Downloading pygments-2.21.0-py3-none-any.whl (1.3 MB)
2026-10-02T01:01:26.9945501Z    ━━━━━━━━━━━━━━━━━━━━━━━━━━━━━━━━━━━━━━━━ 1.3/1.3 MB 99.3 MB/s  0:00:00
2026-10-02T01:01:26.9977683Z Downloading starlette-1.7.0-py3-none-any.whl (78 kB)
2026-10-02T01:01:27.0030597Z Downloading anyio-4.15.1-py3-none-any.whl (132 kB)
2026-10-02T01:01:27.0075213Z Downloading typing_extensions-4.16.0-py3-none-any.whl (45 kB)
2026-10-02T01:01:27.0117028Z Downloading typing_inspection-0.4.4-py3-none-any.whl (14 kB)
2026-10-02T01:01:27.0159049Z Downloading et_xmlfile-2.0.0-py3-none-any.whl (18 kB)
2026-10-02T01:01:27.0200072Z Downloading pycparser-3.0-py3-none-any.whl (48 kB)
2026-10-02T01:01:27.0246360Z Downloading pytz-2026.4-py2.py3-none-any.whl (506 kB)
2026-10-02T01:01:27.0330909Z Downloading sentinels-1.1.1-py3-none-any.whl (3.7 kB)
2026-10-02T01:01:27.2298162Z Installing collected packages: pytz, urllib3, tzdata, typing-extensions, sentinels, qrcode, python-multipart, python-dotenv, python-bidi, PyJWT, pygments, pycparser, pluggy, pillow, packaging, iniconfig, idna, h11, et-xmlfile, dnspython, charset-normalizer, certifi, bcrypt, arabic-reshaper, annotated-types, annotated-doc, typing-inspection, requests, reportlab, pytest, pymongo, pydantic-core, openpyxl, mongomock, httpcore, email-validator, cffi, anyio, starlette, pytest-asyncio, pydantic, motor, httpx, cryptography, mongomock-motor, fastapi
2026-10-02T01:01:31.4333172Z 
2026-10-02T01:01:31.4364676Z Successfully installed PyJWT-2.13.0 annotated-doc-0.0.5 annotated-types-0.8.0 anyio-4.15.1 arabic-reshaper-3.0.1 bcrypt-4.1.3 certifi-2026.7.22 cffi-2.1.1 charset-normalizer-3.5.2 cryptography-50.0.0 dnspython-2.8.0 email-validator-2.3.0 et-xmlfile-2.0.0 fastapi-0.141.1 h11-0.16.0 httpcore-1.0.9 httpx-0.28.1 idna-3.20 iniconfig-2.3.0 mongomock-4.3.0 mongomock-motor-0.0.36 motor-3.7.1 openpyxl-3.1.5 packaging-26.3 pillow-12.3.0 pluggy-1.6.0 pycparser-3.0 pydantic-2.13.5 pydantic-core-2.46.5 pygments-2.21.0 pymongo-4.18.1 pytest-9.0.3 pytest-asyncio-1.3.0 python-bidi-0.6.11 python-dotenv-1.2.3 python-multipart-0.0.20 pytz-2026.4 qrcode-8.2 reportlab-5.0.1 requests-2.34.2 sentinels-1.1.1 starlette-1.7.0 typing-extensions-4.16.0 typing-inspection-0.4.4 tzdata-2026.4 urllib3-2.8.0
2026-10-02T01:01:31.6250225Z ##[group]Run docker run -d --name mz2-track-f -p 127.0.0.1:27369:27369 mongo:8.0.12 --port 27369 --replSet mz2trackf --bind_ip_all
2026-10-02T01:01:31.6250934Z [36;1mdocker run -d --name mz2-track-f -p 127.0.0.1:27369:27369 mongo:8.0.12 --port 27369 --replSet mz2trackf --bind_ip_all[0m
2026-10-02T01:01:31.6251344Z [36;1mfor attempt in $(seq 1 30); do[0m
2026-10-02T01:01:31.6251741Z [36;1m  if docker exec mz2-track-f mongosh --port 27369 --quiet --eval 'db.adminCommand({ping:1})'; then break; fi[0m
2026-10-02T01:01:31.6252145Z [36;1m  sleep 1[0m
2026-10-02T01:01:31.6252314Z [36;1mdone[0m
2026-10-02T01:01:31.6252709Z [36;1mdocker exec mz2-track-f mongosh --port 27369 --quiet --eval 'rs.initiate({_id:"mz2trackf",members:[{_id:0,host:"127.0.0.1:27369"}]})'[0m
2026-10-02T01:01:31.6253159Z [36;1mfor attempt in $(seq 1 30); do[0m
2026-10-02T01:01:31.6253614Z [36;1m  if docker exec mz2-track-f mongosh --port 27369 --quiet --eval 'if(!db.hello().isWritablePrimary){quit(1)}'; then break; fi[0m
2026-10-02T01:01:31.6254021Z [36;1m  sleep 1[0m
2026-10-02T01:01:31.6254189Z [36;1mdone[0m
2026-10-02T01:01:31.6311648Z shell: /usr/bin/bash -e {0}
2026-10-02T01:01:31.6311862Z env:
2026-10-02T01:01:31.6312038Z   PYTHONPATH: backend:backend/tests
2026-10-02T01:01:31.6312258Z   PYTHON_DOTENV_DISABLED: 1
2026-10-02T01:01:31.6312540Z   MZ2_TEST_MONGO_URI: mongodb://127.0.0.1:27369/?replicaSet=mz2trackf
2026-10-02T01:01:31.6312918Z   pythonLocation: /opt/hostedtoolcache/Python/3.12.14/x64
2026-10-02T01:01:31.6313267Z   PKG_CONFIG_PATH: /opt/hostedtoolcache/Python/3.12.14/x64/lib/pkgconfig
2026-10-02T01:01:31.6313607Z   Python_ROOT_DIR: /opt/hostedtoolcache/Python/3.12.14/x64
2026-10-02T01:01:31.6313902Z   Python2_ROOT_DIR: /opt/hostedtoolcache/Python/3.12.14/x64
2026-10-02T01:01:31.6314191Z   Python3_ROOT_DIR: /opt/hostedtoolcache/Python/3.12.14/x64
2026-10-02T01:01:31.6314484Z   LD_LIBRARY_PATH: /opt/hostedtoolcache/Python/3.12.14/x64/lib
2026-10-02T01:01:31.6314747Z ##[endgroup]
2026-10-02T01:01:31.7136172Z Unable to find image 'mongo:8.0.12' locally
2026-10-02T01:01:32.6677678Z 8.0.12: Pulling from library/mongo
2026-10-02T01:01:32.9234662Z b71466b94f26: Pulling fs layer
2026-10-02T01:01:32.9235253Z e701e7c9324a: Pulling fs layer
2026-10-02T01:01:32.9235599Z f1102db351d8: Pulling fs layer
2026-10-02T01:01:32.9235998Z d713d16a8043: Pulling fs layer
2026-10-02T01:01:32.9236300Z cb52df844465: Pulling fs layer
2026-10-02T01:01:32.9236658Z 578438e6cda5: Pulling fs layer
2026-10-02T01:01:32.9237256Z 0a07b2b41243: Pulling fs layer
2026-10-02T01:01:32.9237550Z 91469349d2c2: Pulling fs layer
2026-10-02T01:01:32.9237838Z cb52df844465: Waiting
2026-10-02T01:01:32.9238111Z 578438e6cda5: Waiting
2026-10-02T01:01:32.9238371Z 0a07b2b41243: Waiting
2026-10-02T01:01:32.9238623Z 91469349d2c2: Waiting
2026-10-02T01:01:32.9238828Z d713d16a8043: Waiting
2026-10-02T01:01:33.1025790Z e701e7c9324a: Download complete
2026-10-02T01:01:33.1114570Z f1102db351d8: Verifying Checksum
2026-10-02T01:01:33.1115035Z f1102db351d8: Download complete
2026-10-02T01:01:33.1938268Z b71466b94f26: Verifying Checksum
2026-10-02T01:01:33.1938932Z b71466b94f26: Download complete
2026-10-02T01:01:33.2924564Z cb52df844465: Verifying Checksum
2026-10-02T01:01:33.2924983Z cb52df844465: Download complete
2026-10-02T01:01:33.2955044Z d713d16a8043: Verifying Checksum
2026-10-02T01:01:33.2956127Z d713d16a8043: Download complete
2026-10-02T01:01:33.3770703Z 578438e6cda5: Download complete
2026-10-02T01:01:33.4773432Z 91469349d2c2: Verifying Checksum
2026-10-02T01:01:33.4773852Z 91469349d2c2: Download complete
2026-10-02T01:01:34.0366391Z b71466b94f26: Pull complete
2026-10-02T01:01:34.2287265Z 0a07b2b41243: Verifying Checksum
2026-10-02T01:01:34.2287571Z 0a07b2b41243: Download complete
2026-10-02T01:01:42.2035800Z e701e7c9324a: Pull complete
2026-10-02T01:01:42.3592286Z f1102db351d8: Pull complete
2026-10-02T01:01:42.4401570Z d713d16a8043: Pull complete
2026-10-02T01:01:42.4477653Z cb52df844465: Pull complete
2026-10-02T01:01:42.4536453Z 578438e6cda5: Pull complete
2026-10-02T01:01:49.6036237Z 0a07b2b41243: Pull complete
2026-10-02T01:01:49.6130595Z 91469349d2c2: Pull complete
2026-10-02T01:01:49.6158170Z Digest: sha256:95a98776f273721a295b03098578b06bc10281bb56aa828c77e9f60ecc70b150
2026-10-02T01:01:49.6170593Z Status: Downloaded newer image for mongo:8.0.12
2026-10-02T01:01:49.6297402Z 13db0586e30d45e52dda7a0ba83c9f5831d45f9b7d3243ffaa46f8c1ac0c58f2
2026-10-02T01:01:50.1398760Z { ok: 1 }
2026-10-02T01:01:50.4661130Z {
2026-10-02T01:01:50.4661438Z   ok: 1,
2026-10-02T01:01:50.4661710Z   '$clusterTime': {
2026-10-02T01:01:50.4662095Z     clusterTime: Timestamp({ t: 1790902910, i: 1 }),
2026-10-02T01:01:50.4662565Z     signature: {
2026-10-02T01:01:50.4662979Z       hash: Binary.createFromBase64('AAAAAAAAAAAAAAAAAAAAAAAAAAA=', 0),
2026-10-02T01:01:50.4663465Z       keyId: Long('0')
2026-10-02T01:01:50.4663731Z     }
2026-10-02T01:01:50.4663953Z   },
2026-10-02T01:01:50.4664231Z   operationTime: Timestamp({ t: 1790902910, i: 1 })
2026-10-02T01:01:50.4664645Z }
2026-10-02T01:01:50.7935725Z ##[group]Run python -m pytest --noconftest -q --tb=short -o asyncio_mode=auto --junitxml=track-f-results.xml backend/tests/test_mz2_shipping_native.py backend/tests/test_mz2_shipping_native_rich_contracts.py backend/tests/test_mz2_driver_review_history.py backend/tests/test_mz2_driver_cash_chronology.py backend/tests/test_mz2_driver_physical_cash.py backend/tests/test_mz2_late_delivery_evidence.py backend/tests/test_mz2_receipt_resubmission_upload.py backend/tests/test_mz2_optional_delivery_late_evidence.py backend/tests/test_mz2_shipping_current_carrier.py backend/tests/test_mz2_shipping_current_carrier_native.py backend/tests/test_salla_current_shipping.py backend/tests/test_shipping_label_current_guard.py backend/tests/test_order_engine_salla_refresh.py backend/tests/test_mz2_driver_payment_review.py backend/tests/test_mz2_driver_pos_manual_review.py backend/tests/test_mz2_driver_bank_evidence.py backend/tests/test_mz2_shipping_bank_port.py backend/tests/test_accounting_ledger_v2.py backend/tests/test_accounting_onboarding.py backend/tests/test_accounting_onboarding_domains.py backend/tests/test_financial_provider_apps_v2.py backend/tests/test_fulfillment_v2_contract.py backend/tests/test_order_engine_repository.py backend/tests/test_order_engine_mapper.py backend/tests/test_mz2_shipping_contracts.py backend/tests/test_mz2_shipping_contract_isolation.py backend/tests/test_mz2_shipping_payment_evidence.py backend/tests/test_mz2_legacy_shipping_gate.py backend/tests/test_store_delivery_operational_v2_contract.py backend/tests/test_store_delivery_driver_app_v2_contract.py backend/tests/test_store_delivery_payment_evidence.py backend/tests/test_mz2_shipping_p02.py
2026-10-02T01:01:50.7951557Z [36;1mpython -m pytest --noconftest -q --tb=short -o asyncio_mode=auto --junitxml=track-f-results.xml backend/tests/test_mz2_shipping_native.py backend/tests/test_mz2_shipping_native_rich_contracts.py backend/tests/test_mz2_driver_review_history.py backend/tests/test_mz2_driver_cash_chronology.py backend/tests/test_mz2_driver_physical_cash.py backend/tests/test_mz2_late_delivery_evidence.py backend/tests/test_mz2_receipt_resubmission_upload.py backend/tests/test_mz2_optional_delivery_late_evidence.py backend/tests/test_mz2_shipping_current_carrier.py backend/tests/test_mz2_shipping_current_carrier_native.py backend/tests/test_salla_current_shipping.py backend/tests/test_shipping_label_current_guard.py backend/tests/test_order_engine_salla_refresh.py backend/tests/test_mz2_driver_payment_review.py backend/tests/test_mz2_driver_pos_manual_review.py backend/tests/test_mz2_driver_bank_evidence.py backend/tests/test_mz2_shipping_bank_port.py backend/tests/test_accounting_ledger_v2.py backend/tests/test_accounting_onboarding.py backend/tests/test_accounting_onboarding_domains.py backend/tests/test_financial_provider_apps_v2.py backend/tests/test_fulfillment_v2_contract.py backend/tests/test_order_engine_repository.py backend/tests/test_order_engine_mapper.py backend/tests/test_mz2_shipping_contracts.py backend/tests/test_mz2_shipping_contract_isolation.py backend/tests/test_mz2_shipping_payment_evidence.py backend/tests/test_mz2_legacy_shipping_gate.py backend/tests/test_store_delivery_operational_v2_contract.py backend/tests/test_store_delivery_driver_app_v2_contract.py backend/tests/test_store_delivery_payment_evidence.py backend/tests/test_mz2_shipping_p02.py[0m
2026-10-02T01:01:50.8012668Z shell: /usr/bin/bash -e {0}
2026-10-02T01:01:50.8012875Z env:
2026-10-02T01:01:50.8013069Z   PYTHONPATH: backend:backend/tests
2026-10-02T01:01:50.8013295Z   PYTHON_DOTENV_DISABLED: 1
2026-10-02T01:01:50.8013582Z   MZ2_TEST_MONGO_URI: mongodb://127.0.0.1:27369/?replicaSet=mz2trackf
2026-10-02T01:01:50.8013935Z   pythonLocation: /opt/hostedtoolcache/Python/3.12.14/x64
2026-10-02T01:01:50.8014267Z   PKG_CONFIG_PATH: /opt/hostedtoolcache/Python/3.12.14/x64/lib/pkgconfig
2026-10-02T01:01:50.8014602Z   Python_ROOT_DIR: /opt/hostedtoolcache/Python/3.12.14/x64
2026-10-02T01:01:50.8015137Z   Python2_ROOT_DIR: /opt/hostedtoolcache/Python/3.12.14/x64
2026-10-02T01:01:50.8015444Z   Python3_ROOT_DIR: /opt/hostedtoolcache/Python/3.12.14/x64
2026-10-02T01:01:50.8015747Z   LD_LIBRARY_PATH: /opt/hostedtoolcache/Python/3.12.14/x64/lib
2026-10-02T01:01:50.8016007Z ##[endgroup]
2026-10-02T01:02:23.9408323Z ........................................................................ [  9%]
2026-10-02T01:02:53.5683184Z ........................................................................ [ 19%]
2026-10-02T01:03:23.1321738Z ........................................................................ [ 29%]
2026-10-02T01:03:37.7244662Z .........................EEEEE.......................................... [ 39%]
2026-10-02T01:03:43.6115239Z ........................................................................ [ 49%]
2026-10-02T01:04:15.8548694Z ........................................................................ [ 59%]
2026-10-02T01:04:29.3671147Z .................................................................. [ 68%]
2026-10-02T01:04:35.6429676Z ........................................................................ [ 78%]
2026-10-02T01:04:35.6793985Z ....................................... [ 83%]
2026-10-02T01:04:38.4896849Z .................................................................. [ 92%]
2026-10-02T01:04:46.3014648Z ...................................................                      [100%]
2026-10-02T01:04:46.3016365Z ==================================== ERRORS ====================================
2026-10-02T01:04:46.3020057Z _ ERROR at setup of test_real_optional_delivery_late_evidence_chain_preserves_original_cash_and_period[475.00--25.00] _
2026-10-02T01:04:46.3020834Z backend/tests/test_mz2_optional_delivery_late_evidence.py:37: in optional
2026-10-02T01:04:46.3021380Z     from mobile_app_request_context import mobile_app_request_user
2026-10-02T01:04:46.3021907Z backend/mobile_app_request_context.py:22: in <module>
2026-10-02T01:04:46.3022284Z     install_supplier_dispatch_route_guard()
2026-10-02T01:04:46.3022905Z backend/preparation_route_history.py:342: in install_supplier_dispatch_route_guard
2026-10-02T01:04:46.3023428Z     import preparation_supplier_dispatch as base
2026-10-02T01:04:46.3023915Z backend/preparation_supplier_dispatch.py:41: in <module>
2026-10-02T01:04:46.3024449Z     from preparation_file_registry import REGISTRY, _assignable_employees
2026-10-02T01:04:46.3024960Z backend/preparation_file_registry.py:26: in <module>
2026-10-02T01:04:46.3025451Z     from reviewed_preparation_batches import BATCHES
2026-10-02T01:04:46.3025813Z backend/reviewed_preparation_batches.py:53: in <module>
2026-10-02T01:04:46.3026367Z     from preparation_pdf import ProductLine, generate_preparation_pdf
2026-10-02T01:04:46.3026833Z backend/preparation_pdf.py:31: in <module>
2026-10-02T01:04:46.3027201Z     import fitz  # PyMuPDF
2026-10-02T01:04:46.3027475Z     ^^^^^^^^^^^
2026-10-02T01:04:46.3027758Z E   ModuleNotFoundError: No module named 'fitz'
2026-10-02T01:04:46.3028302Z _ ERROR at setup of test_real_optional_delivery_late_evidence_chain_preserves_original_cash_and_period[500.00-0.00] _
2026-10-02T01:04:46.3028787Z backend/tests/test_mz2_optional_delivery_late_evidence.py:37: in optional
2026-10-02T01:04:46.3029146Z     from mobile_app_request_context import mobile_app_request_user
2026-10-02T01:04:46.3029699Z backend/mobile_app_request_context.py:22: in <module>
2026-10-02T01:04:46.3029955Z     install_supplier_dispatch_route_guard()
2026-10-02T01:04:46.3030281Z backend/preparation_route_history.py:342: in install_supplier_dispatch_route_guard
2026-10-02T01:04:46.3030631Z     import preparation_supplier_dispatch as base
2026-10-02T01:04:46.3030903Z backend/preparation_supplier_dispatch.py:41: in <module>
2026-10-02T01:04:46.3031227Z     from preparation_file_registry import REGISTRY, _assignable_employees
2026-10-02T01:04:46.3031547Z backend/preparation_file_registry.py:26: in <module>
2026-10-02T01:04:46.3031805Z     from reviewed_preparation_batches import BATCHES
2026-10-02T01:04:46.3032284Z backend/reviewed_preparation_batches.py:53: in <module>
2026-10-02T01:04:46.3032603Z     from preparation_pdf import ProductLine, generate_preparation_pdf
2026-10-02T01:04:46.3032897Z backend/preparation_pdf.py:31: in <module>
2026-10-02T01:04:46.3033111Z     import fitz  # PyMuPDF
2026-10-02T01:04:46.3033606Z     ^^^^^^^^^^^
2026-10-02T01:04:46.3033901Z E   ModuleNotFoundError: No module named 'fitz'
2026-10-02T01:04:46.3034664Z _ ERROR at setup of test_real_optional_delivery_late_evidence_chain_preserves_original_cash_and_period[525.00-25.00] _
2026-10-02T01:04:46.3035372Z backend/tests/test_mz2_optional_delivery_late_evidence.py:37: in optional
2026-10-02T01:04:46.3035931Z     from mobile_app_request_context import mobile_app_request_user
2026-10-02T01:04:46.3036466Z backend/mobile_app_request_context.py:22: in <module>
2026-10-02T01:04:46.3036938Z     install_supplier_dispatch_route_guard()
2026-10-02T01:04:46.3037535Z backend/preparation_route_history.py:342: in install_supplier_dispatch_route_guard
2026-10-02T01:04:46.3038194Z     import preparation_supplier_dispatch as base
2026-10-02T01:04:46.3038703Z backend/preparation_supplier_dispatch.py:41: in <module>
2026-10-02T01:04:46.3039459Z     from preparation_file_registry import REGISTRY, _assignable_employees
2026-10-02T01:04:46.3040061Z backend/preparation_file_registry.py:26: in <module>
2026-10-02T01:04:46.3040562Z     from reviewed_preparation_batches import BATCHES
2026-10-02T01:04:46.3041072Z backend/reviewed_preparation_batches.py:53: in <module>
2026-10-02T01:04:46.3041685Z     from preparation_pdf import ProductLine, generate_preparation_pdf
2026-10-02T01:04:46.3042027Z backend/preparation_pdf.py:31: in <module>
2026-10-02T01:04:46.3042291Z     import fitz  # PyMuPDF
2026-10-02T01:04:46.3042483Z     ^^^^^^^^^^^
2026-10-02T01:04:46.3042670Z E   ModuleNotFoundError: No module named 'fitz'
2026-10-02T01:04:46.3043050Z _ ERROR at setup of test_optional_photo_cash_delivery_retry_is_exactly_idempotent _
2026-10-02T01:04:46.3043489Z backend/tests/test_mz2_optional_delivery_late_evidence.py:37: in optional
2026-10-02T01:04:46.3043890Z     from mobile_app_request_context import mobile_app_request_user
2026-10-02T01:04:46.3044235Z backend/mobile_app_request_context.py:22: in <module>
2026-10-02T01:04:46.3044526Z     install_supplier_dispatch_route_guard()
2026-10-02T01:04:46.3044894Z backend/preparation_route_history.py:342: in install_supplier_dispatch_route_guard
2026-10-02T01:04:46.3045276Z     import preparation_supplier_dispatch as base
2026-10-02T01:04:46.3045594Z backend/preparation_supplier_dispatch.py:41: in <module>
2026-10-02T01:04:46.3045975Z     from preparation_file_registry import REGISTRY, _assignable_employees
2026-10-02T01:04:46.3046332Z backend/preparation_file_registry.py:26: in <module>
2026-10-02T01:04:46.3046636Z     from reviewed_preparation_batches import BATCHES
2026-10-02T01:04:46.3046946Z backend/reviewed_preparation_batches.py:53: in <module>
2026-10-02T01:04:46.3047509Z     from preparation_pdf import ProductLine, generate_preparation_pdf
2026-10-02T01:04:46.3048134Z backend/preparation_pdf.py:31: in <module>
2026-10-02T01:04:46.3048542Z     import fitz  # PyMuPDF
2026-10-02T01:04:46.3048863Z     ^^^^^^^^^^^
2026-10-02T01:04:46.3049721Z E   ModuleNotFoundError: No module named 'fitz'
2026-10-02T01:04:46.3050348Z _ ERROR at setup of test_optional_evidence_auth_bridge_does_not_grant_driver_management _
2026-10-02T01:04:46.3050775Z backend/tests/test_mz2_optional_delivery_late_evidence.py:37: in optional
2026-10-02T01:04:46.3051152Z     from mobile_app_request_context import mobile_app_request_user
2026-10-02T01:04:46.3051458Z backend/mobile_app_request_context.py:22: in <module>
2026-10-02T01:04:46.3051717Z     install_supplier_dispatch_route_guard()
2026-10-02T01:04:46.3052047Z backend/preparation_route_history.py:342: in install_supplier_dispatch_route_guard
2026-10-02T01:04:46.3052390Z     import preparation_supplier_dispatch as base
2026-10-02T01:04:46.3052662Z backend/preparation_supplier_dispatch.py:41: in <module>
2026-10-02T01:04:46.3053260Z     from preparation_file_registry import REGISTRY, _assignable_employees
2026-10-02T01:04:46.3053797Z backend/preparation_file_registry.py:26: in <module>
2026-10-02T01:04:46.3054252Z     from reviewed_preparation_batches import BATCHES
2026-10-02T01:04:46.3054698Z backend/reviewed_preparation_batches.py:53: in <module>
2026-10-02T01:04:46.3055236Z     from preparation_pdf import ProductLine, generate_preparation_pdf
2026-10-02T01:04:46.3055735Z backend/preparation_pdf.py:31: in <module>
2026-10-02T01:04:46.3056016Z     import fitz  # PyMuPDF
2026-10-02T01:04:46.3056191Z     ^^^^^^^^^^^
2026-10-02T01:04:46.3056374Z E   ModuleNotFoundError: No module named 'fitz'
2026-10-02T01:04:46.3056660Z =========================== short test summary info ============================
2026-10-02T01:04:46.3057483Z ERROR backend/tests/test_mz2_optional_delivery_late_evidence.py::test_real_optional_delivery_late_evidence_chain_preserves_original_cash_and_period[475.00--25.00] - ModuleNotFoundError: No module named 'fitz'
2026-10-02T01:04:46.3058510Z ERROR backend/tests/test_mz2_optional_delivery_late_evidence.py::test_real_optional_delivery_late_evidence_chain_preserves_original_cash_and_period[500.00-0.00] - ModuleNotFoundError: No module named 'fitz'
2026-10-02T01:04:46.3059986Z ERROR backend/tests/test_mz2_optional_delivery_late_evidence.py::test_real_optional_delivery_late_evidence_chain_preserves_original_cash_and_period[525.00-25.00] - ModuleNotFoundError: No module named 'fitz'
2026-10-02T01:04:46.3061379Z ERROR backend/tests/test_mz2_optional_delivery_late_evidence.py::test_optional_photo_cash_delivery_retry_is_exactly_idempotent - ModuleNotFoundError: No module named 'fitz'
2026-10-02T01:04:46.3062469Z ERROR backend/tests/test_mz2_optional_delivery_late_evidence.py::test_optional_evidence_auth_bridge_does_not_grant_driver_management - ModuleNotFoundError: No module named 'fitz'
2026-10-02T01:04:46.3063279Z 721 passed, 5 errors, 549 subtests passed in 174.35s (0:02:54)
2026-10-02T01:04:46.7786904Z ##[error]Process completed with exit code 1.
2026-10-02T01:04:46.7853334Z ##[group]Run actions/upload-artifact@v4
2026-10-02T01:04:46.7853571Z with:
2026-10-02T01:04:46.7853748Z   name: mz2-track-f-contract-results
2026-10-02T01:04:46.7853971Z   path: track-f-results.xml
2026-10-02T01:04:46.7854167Z   if-no-files-found: warn
2026-10-02T01:04:46.7854354Z   compression-level: 6
2026-10-02T01:04:46.7854536Z   overwrite: false
2026-10-02T01:04:46.7854713Z   include-hidden-files: false
2026-10-02T01:04:46.7854900Z env:
2026-10-02T01:04:46.7855081Z   PYTHONPATH: backend:backend/tests
2026-10-02T01:04:46.7855292Z   PYTHON_DOTENV_DISABLED: 1
2026-10-02T01:04:46.7855568Z   MZ2_TEST_MONGO_URI: mongodb://127.0.0.1:27369/?replicaSet=mz2trackf
2026-10-02T01:04:46.7855906Z   pythonLocation: /opt/hostedtoolcache/Python/3.12.14/x64
2026-10-02T01:04:46.7856240Z   PKG_CONFIG_PATH: /opt/hostedtoolcache/Python/3.12.14/x64/lib/pkgconfig
2026-10-02T01:04:46.7856570Z   Python_ROOT_DIR: /opt/hostedtoolcache/Python/3.12.14/x64
2026-10-02T01:04:46.7856896Z   Python2_ROOT_DIR: /opt/hostedtoolcache/Python/3.12.14/x64
2026-10-02T01:04:46.7857189Z   Python3_ROOT_DIR: /opt/hostedtoolcache/Python/3.12.14/x64
2026-10-02T01:04:46.7857480Z   LD_LIBRARY_PATH: /opt/hostedtoolcache/Python/3.12.14/x64/lib
2026-10-02T01:04:46.7857730Z ##[endgroup]
2026-10-02T01:04:46.9196060Z (node:5178) [DEP0040] DeprecationWarning: The `punycode` module is deprecated. Please use a userland alternative instead.
2026-10-02T01:04:46.9197122Z (Use `node --trace-deprecation ...` to show where the warning was created)
2026-10-02T01:04:46.9246854Z With the provided path, there will be 1 file uploaded
2026-10-02T01:04:46.9251465Z Artifact name is valid!
2026-10-02T01:04:46.9252152Z Root directory input is valid!
2026-10-02T01:04:47.2883241Z Beginning upload of artifact content to blob storage
2026-10-02T01:04:47.3054064Z (node:5178) [DEP0169] DeprecationWarning: `url.parse()` behavior is not standardized and prone to errors that have security implications. Use the WHATWG URL API instead. CVEs are not issued for `url.parse()` vulnerabilities.
2026-10-02T01:04:47.5931377Z Uploaded bytes 15914
2026-10-02T01:04:47.6635625Z Finished uploading artifact content to blob storage!
2026-10-02T01:04:47.6636369Z SHA256 digest of uploaded artifact zip is 01701b2e6d3d601ef4e3cdb65a8b6e9737bd3140fd4ad1a5f845545f46316ce0
2026-10-02T01:04:47.6637400Z Finalizing artifact upload
2026-10-02T01:04:47.9504001Z Artifact mz2-track-f-contract-results.zip successfully finalized. Artifact ID 11203168150
2026-10-02T01:04:47.9505040Z Artifact mz2-track-f-contract-results has been successfully uploaded! Final size is 15914 bytes. Artifact ID is 11203168150
2026-10-02T01:04:47.9509831Z Artifact download URL: https://github.com/AMASI-SA/AMASI-SA/actions/runs/36948876786/artifacts/11203168150
2026-10-02T01:04:47.9669948Z Post job cleanup.
2026-10-02T01:04:48.0357845Z [command]/usr/bin/git version
2026-10-02T01:04:48.0395075Z git version 2.55.0
2026-10-02T01:04:48.0427201Z Temporarily overriding HOME='/home/runner/work/_temp/098e4a8f-9ceb-46d5-b670-78687635924b' before making global git config changes
2026-10-02T01:04:48.0427945Z Adding repository directory to the temporary git global config as a safe directory
2026-10-02T01:04:48.0432232Z [command]/usr/bin/git config --global --add safe.directory /home/runner/work/AMASI-SA/AMASI-SA
2026-10-02T01:04:48.0463825Z [command]/usr/bin/git config --local --name-only --get-regexp core\.sshCommand
2026-10-02T01:04:48.0494474Z [command]/usr/bin/git submodule foreach --recursive sh -c "git config --local --name-only --get-regexp 'core\.sshCommand' && git config --local --unset-all 'core.sshCommand' || :"
2026-10-02T01:04:48.0710860Z [command]/usr/bin/git config --local --name-only --get-regexp http\.https\:\/\/github\.com\/\.extraheader
2026-10-02T01:04:48.0747190Z http.https://github.com/.extraheader
2026-10-02T01:04:48.0748271Z [command]/usr/bin/git config --local --unset-all http.https://github.com/.extraheader
2026-10-02T01:04:48.0779404Z [command]/usr/bin/git submodule foreach --recursive sh -c "git config --local --name-only --get-regexp 'http\.https\:\/\/github\.com\/\.extraheader' && git config --local --unset-all 'http.https://github.com/.extraheader' || :"
2026-10-02T01:04:48.0999090Z [command]/usr/bin/git config --local --name-only --get-regexp ^includeIf\.gitdir:
2026-10-02T01:04:48.1033297Z [command]/usr/bin/git submodule foreach --recursive git config --local --show-origin --name-only --get-regexp remote.origin.url
2026-10-02T01:04:48.1380012Z Cleaning up orphan processes
2026-10-02T01:04:48.1716528Z ##[warning]Node.js 20 is deprecated. The following actions target Node.js 20 but are being forced to run on Node.js 24: actions/checkout@v4, actions/setup-python@v5, actions/upload-artifact@v4. For more information see: https://github.blog/changelog/2025-09-19-deprecation-of-node-20-on-github-actions-runners/

