....................................................................................... [ 69%]
.......................................                           [100%]
============================== warnings summary ===============================
backend\liabilities_routes.py:170
  C:\Users\amasi\mz2-final-integration-owner-20261001\backend\liabilities_routes.py:170: PydanticDeprecatedSince20: Pydantic V1 style `@validator` validators are deprecated. You should migrate to Pydantic V2 style `@field_validator` validators, see the migration guide for more details. Deprecated in Pydantic V2.0 to be removed in V3.0. See Pydantic V2 Migration Guide at https://errors.pydantic.dev/2.13/migration/
    @validator("ad_provider")

backend\liabilities_routes.py:177
  C:\Users\amasi\mz2-final-integration-owner-20261001\backend\liabilities_routes.py:177: PydanticDeprecatedSince20: Pydantic V1 style `@validator` validators are deprecated. You should migrate to Pydantic V2 style `@field_validator` validators, see the migration guide for more details. Deprecated in Pydantic V2.0 to be removed in V3.0. See Pydantic V2 Migration Guide at https://errors.pydantic.dev/2.13/migration/
    @validator("employee_salary_id")

backend\liabilities_routes.py:183
  C:\Users\amasi\mz2-final-integration-owner-20261001\backend\liabilities_routes.py:183: PydanticDeprecatedSince20: Pydantic V1 style `@validator` validators are deprecated. You should migrate to Pydantic V2 style `@field_validator` validators, see the migration guide for more details. Deprecated in Pydantic V2.0 to be removed in V3.0. See Pydantic V2 Migration Guide at https://errors.pydantic.dev/2.13/migration/
    @validator("paid_from_account_id")

backend\liabilities_routes.py:191
  C:\Users\amasi\mz2-final-integration-owner-20261001\backend\liabilities_routes.py:191: PydanticDeprecatedSince20: Pydantic V1 style `@validator` validators are deprecated. You should migrate to Pydantic V2 style `@field_validator` validators, see the migration guide for more details. Deprecated in Pydantic V2.0 to be removed in V3.0. See Pydantic V2 Migration Guide at https://errors.pydantic.dev/2.13/migration/
    @validator("supplier_name")

backend\liabilities_routes.py:207
  C:\Users\amasi\mz2-final-integration-owner-20261001\backend\liabilities_routes.py:207: PydanticDeprecatedSince20: Pydantic V1 style `@validator` validators are deprecated. You should migrate to Pydantic V2 style `@field_validator` validators, see the migration guide for more details. Deprecated in Pydantic V2.0 to be removed in V3.0. See Pydantic V2 Migration Guide at https://errors.pydantic.dev/2.13/migration/
    @validator("counterparty_name")

-- Docs: https://docs.pytest.org/en/stable/how-to/capture-warnings.html
126 passed, 5 warnings, 64 subtests passed in 347.40s (0:05:47)
