.......................FF............................................... [ 51%]
.....................................................................    [100%]
================================== FAILURES ===================================
________ test_order_engine_bootstrap_marks_payment_method_latest_wins _________
backend\tests\test_qoyod_auto_send_latest_payment.py:6: in test_order_engine_bootstrap_marks_payment_method_latest_wins
    source = Path("order_engine/__init__.py").read_text(encoding="utf-8")
             ^^^^^^^^^^^^^^^^^^^^^^^^^^^^^^^^^^^^^^^^^^^^^^^^^^^^^^^^^^^^
C:\Users\amasi\AppData\Local\Programs\Python\Python313\Lib\pathlib\_local.py:546: in read_text
    return PathBase.read_text(self, encoding, errors, newline)
           ^^^^^^^^^^^^^^^^^^^^^^^^^^^^^^^^^^^^^^^^^^^^^^^^^^^
C:\Users\amasi\AppData\Local\Programs\Python\Python313\Lib\pathlib\_abc.py:632: in read_text
    with self.open(mode='r', encoding=encoding, errors=errors, newline=newline) as f:
         ^^^^^^^^^^^^^^^^^^^^^^^^^^^^^^^^^^^^^^^^^^^^^^^^^^^^^^^^^^^^^^^^^^^^^^
C:\Users\amasi\AppData\Local\Programs\Python\Python313\Lib\pathlib\_local.py:537: in open
    return io.open(self, mode, buffering, encoding, errors, newline)
           ^^^^^^^^^^^^^^^^^^^^^^^^^^^^^^^^^^^^^^^^^^^^^^^^^^^^^^^^^
E   FileNotFoundError: [Errno 2] No such file or directory: 'order_engine\\__init__.py'
_________________ test_orders_db_tracks_latest_payment_facts __________________
backend\tests\test_qoyod_auto_send_latest_payment.py:11: in test_orders_db_tracks_latest_payment_facts
    source = Path("orders_db.py").read_text(encoding="utf-8")
             ^^^^^^^^^^^^^^^^^^^^^^^^^^^^^^^^^^^^^^^^^^^^^^^^
C:\Users\amasi\AppData\Local\Programs\Python\Python313\Lib\pathlib\_local.py:546: in read_text
    return PathBase.read_text(self, encoding, errors, newline)
           ^^^^^^^^^^^^^^^^^^^^^^^^^^^^^^^^^^^^^^^^^^^^^^^^^^^
C:\Users\amasi\AppData\Local\Programs\Python\Python313\Lib\pathlib\_abc.py:632: in read_text
    with self.open(mode='r', encoding=encoding, errors=errors, newline=newline) as f:
         ^^^^^^^^^^^^^^^^^^^^^^^^^^^^^^^^^^^^^^^^^^^^^^^^^^^^^^^^^^^^^^^^^^^^^^
C:\Users\amasi\AppData\Local\Programs\Python\Python313\Lib\pathlib\_local.py:537: in open
    return io.open(self, mode, buffering, encoding, errors, newline)
           ^^^^^^^^^^^^^^^^^^^^^^^^^^^^^^^^^^^^^^^^^^^^^^^^^^^^^^^^^
E   FileNotFoundError: [Errno 2] No such file or directory: 'orders_db.py'
=========================== short test summary info ===========================
FAILED backend/tests/test_qoyod_auto_send_latest_payment.py::test_order_engine_bootstrap_marks_payment_method_latest_wins
FAILED backend/tests/test_qoyod_auto_send_latest_payment.py::test_orders_db_tracks_latest_payment_facts
2 failed, 139 passed in 5.01s
